// Jest Snapshot v1, https://goo.gl/fbAQLP

exports[`NewLog testing 1`] = `
<h1
  data-testid="page-title"
>
  New log
</h1>
`;
